[autorex.onlywebcoding.com.ua/index.html]
[backblue.gif]
[fade.gif]
[index.html]
[autorex.onlywebcoding.com.ua/images/favicon.ico]
[autorex.onlywebcoding.com.ua/css/style.css]
[autorex.onlywebcoding.com.ua/images/preloader.png]
[autorex.onlywebcoding.com.ua/images/bg-header.png]
[autorex.onlywebcoding.com.ua/images/logo.png]
[autorex.onlywebcoding.com.ua/images/bg-about.png]
[autorex.onlywebcoding.com.ua/images/about-us.png]
[autorex.onlywebcoding.com.ua/images/edge-1.png]
[autorex.onlywebcoding.com.ua/images/edge-2.png]
[autorex.onlywebcoding.com.ua/images/edge-3.png]
[autorex.onlywebcoding.com.ua/images/edge-4.png]
[autorex.onlywebcoding.com.ua/images/services-1.png]
[autorex.onlywebcoding.com.ua/images/services-6.png]
[autorex.onlywebcoding.com.ua/images/services-5.png]
[autorex.onlywebcoding.com.ua/images/services-4.png]
[autorex.onlywebcoding.com.ua/images/services-3.png]
[autorex.onlywebcoding.com.ua/images/services-2.png]
[autorex.onlywebcoding.com.ua/images/bg-pricing.jpg]
[autorex.onlywebcoding.com.ua/images/gallery-1.png]
[autorex.onlywebcoding.com.ua/images/gallery-2.png]
[autorex.onlywebcoding.com.ua/images/gallery-3.png]
[autorex.onlywebcoding.com.ua/images/gallery-4.png]
[autorex.onlywebcoding.com.ua/images/gallery-5.png]
[autorex.onlywebcoding.com.ua/images/gallery-6.png]
[autorex.onlywebcoding.com.ua/images/author1.jpg]
[autorex.onlywebcoding.com.ua/images/author2.jpg]
[autorex.onlywebcoding.com.ua/images/author3.jpg]
[autorex.onlywebcoding.com.ua/images/author4.jpg]
[ajax.googleapis.com/ajax/libs/jquery/3.6.4/jquery.min.js]
[cdnjs.cloudflare.com/ajax/libs/waypoints/4.0.1/jquery.waypoints.min.js]
[autorex.onlywebcoding.com.ua/js/jQuery.rProgressbar.min.js]
[autorex.onlywebcoding.com.ua/js/jquery.magnific-popup.min.js]
[autorex.onlywebcoding.com.ua/js/owl.carousel.min.js]
[autorex.onlywebcoding.com.ua/index.html]
[autorex.onlywebcoding.com.ua/js/script.js]
[autorex.onlywebcoding.com.ua/css/all.min.css]
[autorex.onlywebcoding.com.ua/css/magnific-popup.css]
[autorex.onlywebcoding.com.ua/css/owl.carousel.min.css]
[autorex.onlywebcoding.com.ua/css/style.css]
[autorex.onlywebcoding.com.ua/css/responsive.css]
[autorex.onlywebcoding.com.ua/css/reset.css]
[autorex.onlywebcoding.com.ua/webfonts/fa-brands-400.woff2]
[autorex.onlywebcoding.com.ua/webfonts/fa-brands-400.ttf]
[autorex.onlywebcoding.com.ua/webfonts/fa-regular-400.woff2]
[autorex.onlywebcoding.com.ua/webfonts/fa-regular-400.ttf]
[autorex.onlywebcoding.com.ua/webfonts/fa-solid-900.woff2]
[autorex.onlywebcoding.com.ua/webfonts/fa-solid-900.ttf]
[autorex.onlywebcoding.com.ua/webfonts/fa-v4compatibility.woff2]
[autorex.onlywebcoding.com.ua/webfonts/fa-v4compatibility.ttf]
[autorex.onlywebcoding.com.ua/css/all.min.css]
[autorex.onlywebcoding.com.ua/css/jquery.rprogessbar.min.css]
[autorex.onlywebcoding.com.ua/css/magnific-popup.css]
[autorex.onlywebcoding.com.ua/css/owl.carousel.min.css]
[autorex.onlywebcoding.com.ua/css/owl.theme.default.min.css]
[autorex.onlywebcoding.com.ua/css/owl.video.play.html]
